// 同步 ID: 742c2818 @ Sun Jul 26 15:57:59 UTC 2026
// 同步 ID: e4b19d3d @ Mon Jul 27 13:00:45 UTC 2026
// 同步 ID: 1c80561f @ Mon Jul 27 23:29:12 UTC 2026
// 同步 ID: 1fdab175 @ Tue Jul 28 00:35:46 UTC 2026
// 重构日志: 9369589c
// 重构日志: b8c4353f
// 重构日志: 3fc51388
// 重构日志: 2f1d759d
// 重构日志: 5d125328
// 重构日志: c504f3b5
// 同步 ID: d2573b2a @ Thu Jul 30 10:15:44 UTC 2026
// 重构日志: bfd46c66
// 重构日志: 69e03c18
// 重构日志: 108a1b3a
// 重构日志: 94e5b853
// 重构日志: ced7b59f
// 重构日志: 3c69d980
// 重构日志: 4864265f
// 重构日志: e2c2bbb9
// 重构日志: 23228f22
// 重构日志: bdef9f64
// 重构日志: a73a14c4
// 重构日志: a39b27df
// 重构日志: 2fe23c2c
// 重构日志: c1e636c7
// 重构日志: 79a76442
// 重构日志: 5224740f
// 重构日志: c63aeb4b
// 同步 ID: 34eb6f7e @ Sun Aug  2 19:00:50 UTC 2026
// 同步 ID: 359843bd @ Mon Aug  3 02:14:27 UTC 2026
